// Jest Snapshot v1, https://goo.gl/fbAQLP

exports[`TodoList component renders correctly 1`] = `
<Component
  style={
    Object {
      "height": 800,
      "justifyContent": "space-between",
      "padding": 50,
    }
  }
>
  <DateHeader
    testID="date-header"
  />
  <ItemList
    items={Array []}
    onChange={[Function]}
    onCheckItem={[Function]}
    testID="item-list"
  />
  <AddItemButton
    onPress={[Function]}
    testID="add-item-button"
  />
</Component>
`;
